
> credisync@1.0.0 build
> set VITE_CACHE_DIR=.vite-cache-local&& vite build

[36mvite v7.3.1 [32mbuilding client environment for production...[36m[39m
transforming...
[32mΓ£ô[39m 69 modules transformed.
node.exe : 
[31mΓ£ù[39m Build 
failed in 965ms
At line:1 char:1
+ & "C:\Program 
Files\nodejs/node.exe" 
"C:\Program 
Files\nodejs/node_mo 
...
+ ~~~~~~~~~~~~~~~~~~~~~
~~~~~~~~~~~~~~~~~~~~~~~
~~~~~~~~~~~~~~~~~~~~~~~
~~
    + CategoryInfo     
         : NotSpecifi  
  ed: ([31mΓ£ù[39m   
  Build failed in 9    
65ms:String) [], R    
emoteException
    + FullyQualifiedEr 
   rorId : NativeComm  
  andError
 
[31merror during 
build:
[31m[vite:prepare-out-
dir] EPERM, Permission 
denied: \\?\J:\Mio\Apps
\GESTION DE PRESTAMOS\C
REDISYNC\dist\assets '\
\?\J:\Mio\Apps\GESTION 
DE PRESTAMOS\CREDISYNC\
dist\assets'[31m
    at Object.rmSync 
(node:fs:1235:18)
    at emptyDir (file:/
//J:/Mio/Apps/GESTION%2
0DE%20PRESTAMOS/CREDISY
NC/node_modules/vite/di
st/node/chunks/config.j
s:2167:11)
    at prepareOutDir (f
ile:///J:/Mio/Apps/GEST
ION%20DE%20PRESTAMOS/CR
EDISYNC/node_modules/vi
te/dist/node/chunks/con
fig.js:33325:55)
    at Object.handler (
file:///J:/Mio/Apps/GES
TION%20DE%20PRESTAMOS/C
REDISYNC/node_modules/v
ite/dist/node/chunks/co
nfig.js:33315:6)
    at Object.handler (
file:///J:/Mio/Apps/GES
TION%20DE%20PRESTAMOS/C
REDISYNC/node_modules/v
ite/dist/node/chunks/co
nfig.js:33743:13)
    at file:///J:/Mio/A
pps/GESTION%20DE%20PRES
TAMOS/CREDISYNC/node_mo
dules/rollup/dist/es/sh
ared/node-entry.js:2257
1:40
    at async 
Promise.all (index 0)
    at async PluginDriv
er.hookParallel (file:/
//J:/Mio/Apps/GESTION%2
0DE%20PRESTAMOS/CREDISY
NC/node_modules/rollup/
dist/es/shared/node-ent
ry.js:22481:9)
    at async 
Bundle.generate (file:/
//J:/Mio/Apps/GESTION%2
0DE%20PRESTAMOS/CREDISY
NC/node_modules/rollup/
dist/es/shared/node-ent
ry.js:20603:13)
    at async file:///J:
/Mio/Apps/GESTION%20DE%
20PRESTAMOS/CREDISYNC/n
ode_modules/rollup/dist
/es/shared/node-entry.j
s:23558:27[39m
